2024-06-01T12:00:00 INFO worker-0 processed job 1000 in 5ms
2024-06-01T12:00:01 INFO worker-1 processed job 1001 in 6ms
2024-06-01T12:00:02 INFO worker-2 processed job 1002 in 7ms
2024-06-01T12:00:03 INFO worker-3 processed job 1003 in 8ms
2024-06-01T12:00:04 INFO worker-0 processed job 1004 in 9ms
2024-06-01T12:00:05 INFO worker-1 processed job 1005 in 10ms
2024-06-01T12:00:06 INFO worker-2 processed job 1006 in 11ms
2024-06-01T12:00:07 INFO worker-3 processed job 1007 in 12ms
2024-06-01T12:00:08 INFO worker-0 processed job 1008 in 13ms
2024-06-01T12:00:09 INFO worker-1 processed job 1009 in 14ms
2024-06-01T12:00:10 INFO worker-2 processed job 1010 in 15ms
2024-06-01T12:00:11 INFO worker-3 processed job 1011 in 16ms
2024-06-01T12:00:12 INFO worker-0 processed job 1012 in 17ms
2024-06-01T12:00:13 INFO worker-1 processed job 1013 in 18ms
2024-06-01T12:00:14 INFO worker-2 processed job 1014 in 19ms
2024-06-01T12:00:15 INFO worker-3 processed job 1015 in 20ms
2024-06-01T12:00:16 INFO worker-0 processed job 1016 in 21ms
2024-06-01T12:00:17 INFO worker-1 processed job 1017 in 22ms
2024-06-01T12:00:18 INFO worker-2 processed job 1018 in 23ms
2024-06-01T12:00:19 INFO worker-3 processed job 1019 in 24ms
2024-06-01T12:00:20 INFO worker-0 processed job 1020 in 5ms
2024-06-01T12:00:21 INFO worker-1 processed job 1021 in 6ms
2024-06-01T12:00:22 INFO worker-2 processed job 1022 in 7ms
2024-06-01T12:00:23 INFO worker-3 processed job 1023 in 8ms
2024-06-01T12:00:24 INFO worker-0 processed job 1024 in 9ms
2024-06-01T12:00:25 INFO worker-1 processed job 1025 in 10ms
2024-06-01T12:00:26 INFO worker-2 processed job 1026 in 11ms
2024-06-01T12:00:27 INFO worker-3 processed job 1027 in 12ms
2024-06-01T12:00:28 INFO worker-0 processed job 1028 in 13ms
2024-06-01T12:00:29 INFO worker-1 processed job 1029 in 14ms
2024-06-01T12:00:30 INFO worker-2 processed job 1030 in 15ms
2024-06-01T12:00:31 INFO worker-3 processed job 1031 in 16ms
2024-06-01T12:00:32 INFO worker-0 processed job 1032 in 17ms
2024-06-01T12:00:33 INFO worker-1 processed job 1033 in 18ms
2024-06-01T12:00:34 INFO worker-2 processed job 1034 in 19ms
2024-06-01T12:00:35 INFO worker-3 processed job 1035 in 20ms
2024-06-01T12:00:36 INFO worker-0 processed job 1036 in 21ms
2024-06-01T12:00:37 INFO worker-1 processed job 1037 in 22ms
2024-06-01T12:00:38 INFO worker-2 processed job 1038 in 23ms
2024-06-01T12:00:39 INFO worker-3 processed job 1039 in 24ms
2024-06-01T12:00:40 INFO worker-0 processed job 1040 in 5ms
2024-06-01T12:00:41 INFO worker-1 processed job 1041 in 6ms
2024-06-01T12:00:42 INFO worker-2 processed job 1042 in 7ms
2024-06-01T12:00:43 INFO worker-3 processed job 1043 in 8ms
2024-06-01T12:00:44 INFO worker-0 processed job 1044 in 9ms
2024-06-01T12:00:45 INFO worker-1 processed job 1045 in 10ms
2024-06-01T12:00:46 INFO worker-2 processed job 1046 in 11ms
2024-06-01T12:00:47 INFO worker-3 processed job 1047 in 12ms
2024-06-01T12:00:48 INFO worker-0 processed job 1048 in 13ms
2024-06-01T12:00:49 INFO worker-1 processed job 1049 in 14ms
2024-06-01T12:00:50 INFO worker-2 processed job 1050 in 15ms
2024-06-01T12:00:51 INFO worker-3 processed job 1051 in 16ms
2024-06-01T12:00:52 INFO worker-0 processed job 1052 in 17ms
2024-06-01T12:00:53 INFO worker-1 processed job 1053 in 18ms
2024-06-01T12:00:54 INFO worker-2 processed job 1054 in 19ms
2024-06-01T12:00:55 INFO worker-3 processed job 1055 in 20ms
2024-06-01T12:00:56 INFO worker-0 processed job 1056 in 21ms
2024-06-01T12:00:57 INFO worker-1 processed job 1057 in 22ms
2024-06-01T12:00:58 INFO worker-2 processed job 1058 in 23ms
2024-06-01T12:00:59 INFO worker-3 processed job 1059 in 24ms
2024-06-01T12:01:00 WARN worker-2 retrying job 1060, attempt 2
2024-06-01T12:01:00 INFO worker-0 processed job 1060 in 5ms
2024-06-01T12:01:01 INFO worker-1 processed job 1061 in 6ms
2024-06-01T12:01:02 INFO worker-2 processed job 1062 in 7ms
2024-06-01T12:01:03 INFO worker-3 processed job 1063 in 8ms
2024-06-01T12:01:04 INFO worker-0 processed job 1064 in 9ms
2024-06-01T12:01:05 INFO worker-1 processed job 1065 in 10ms
2024-06-01T12:01:06 INFO worker-2 processed job 1066 in 11ms
2024-06-01T12:01:07 INFO worker-3 processed job 1067 in 12ms
2024-06-01T12:01:08 INFO worker-0 processed job 1068 in 13ms
2024-06-01T12:01:09 INFO worker-1 processed job 1069 in 14ms
2024-06-01T12:01:10 INFO worker-2 processed job 1070 in 15ms
2024-06-01T12:01:11 INFO worker-3 processed job 1071 in 16ms
2024-06-01T12:01:12 INFO worker-0 processed job 1072 in 17ms
2024-06-01T12:01:13 INFO worker-1 processed job 1073 in 18ms
2024-06-01T12:01:15 ERROR worker-1 job 1075 failed: connection reset by peer
Traceback (most recent call last):
  File "worker.py", line 88, in run
    response = self.client.send(payload)
  File "client.py", line 44, in send
    raise ConnectionResetError("connection reset by peer")
ConnectionResetError: connection reset by peer
2024-06-01T12:01:14 INFO worker-2 processed job 1074 in 19ms
2024-06-01T12:01:15 INFO worker-3 processed job 1075 in 20ms
2024-06-01T12:01:16 INFO worker-0 processed job 1076 in 21ms
2024-06-01T12:01:17 INFO worker-1 processed job 1077 in 22ms
2024-06-01T12:01:18 INFO worker-2 processed job 1078 in 23ms
2024-06-01T12:01:19 INFO worker-3 processed job 1079 in 24ms
2024-06-01T12:01:20 INFO worker-0 processed job 1080 in 5ms
2024-06-01T12:01:21 INFO worker-1 processed job 1081 in 6ms
2024-06-01T12:01:22 INFO worker-2 processed job 1082 in 7ms
2024-06-01T12:01:23 INFO worker-3 processed job 1083 in 8ms
2024-06-01T12:01:24 INFO worker-0 processed job 1084 in 9ms
2024-06-01T12:01:25 INFO worker-1 processed job 1085 in 10ms
2024-06-01T12:01:26 INFO worker-2 processed job 1086 in 11ms
2024-06-01T12:01:27 INFO worker-3 processed job 1087 in 12ms
2024-06-01T12:01:28 INFO worker-0 processed job 1088 in 13ms
2024-06-01T12:01:29 INFO worker-1 processed job 1089 in 14ms
2024-06-01T12:01:30 INFO worker-2 processed job 1090 in 15ms
2024-06-01T12:01:31 INFO worker-3 processed job 1091 in 16ms
2024-06-01T12:01:32 INFO worker-0 processed job 1092 in 17ms
2024-06-01T12:01:33 INFO worker-1 processed job 1093 in 18ms
2024-06-01T12:01:34 INFO worker-2 processed job 1094 in 19ms
2024-06-01T12:01:35 INFO worker-3 processed job 1095 in 20ms
2024-06-01T12:01:36 INFO worker-0 processed job 1096 in 21ms
2024-06-01T12:01:37 INFO worker-1 processed job 1097 in 22ms
2024-06-01T12:01:38 INFO worker-2 processed job 1098 in 23ms
2024-06-01T12:01:39 INFO worker-3 processed job 1099 in 24ms
2024-06-01T12:01:40 INFO worker-0 processed job 1100 in 5ms
2024-06-01T12:01:41 INFO worker-1 processed job 1101 in 6ms
2024-06-01T12:01:42 INFO worker-2 processed job 1102 in 7ms
2024-06-01T12:01:43 INFO worker-3 processed job 1103 in 8ms
2024-06-01T12:01:44 INFO worker-0 processed job 1104 in 9ms
2024-06-01T12:01:45 INFO worker-1 processed job 1105 in 10ms
2024-06-01T12:01:46 INFO worker-2 processed job 1106 in 11ms
2024-06-01T12:01:47 INFO worker-3 processed job 1107 in 12ms
2024-06-01T12:01:48 INFO worker-0 processed job 1108 in 13ms
2024-06-01T12:01:49 INFO worker-1 processed job 1109 in 14ms
2024-06-01T12:01:50 INFO worker-2 processed job 1110 in 15ms
2024-06-01T12:01:51 INFO worker-3 processed job 1111 in 16ms
2024-06-01T12:01:52 INFO worker-0 processed job 1112 in 17ms
2024-06-01T12:01:53 INFO worker-1 processed job 1113 in 18ms
2024-06-01T12:01:54 INFO worker-2 processed job 1114 in 19ms
2024-06-01T12:01:55 INFO worker-3 processed job 1115 in 20ms
2024-06-01T12:01:56 INFO worker-0 processed job 1116 in 21ms
2024-06-01T12:01:57 INFO worker-1 processed job 1117 in 22ms
2024-06-01T12:01:58 INFO worker-2 processed job 1118 in 23ms
2024-06-01T12:01:59 INFO worker-3 processed job 1119 in 24ms
